Removed Pin From Net: NetName=GNDA Pin=C4-1
Removed Pin From Net: NetName=+5 Pin=C4-2
Removed Pin From Net: NetName=GNDA Pin=C5-1
Removed Pin From Net: NetName=+5 Pin=C5-2
Removed Pin From Net: NetName=+5 Pin=C6-1
Removed Pin From Net: NetName=GNDA Pin=C6-2
Removed Pin From Net: NetName=+5 Pin=JK3-2
Removed Pin From Net: NetName=NetJK3_6 Pin=JK3-6
Removed Pin From Net: NetName=NetJK1_1 Pin=JK3-8
Removed Pin From Net: NetName=NetJK4_6 Pin=JK4-6
Removed Pin From Net: NetName=GNDA Pin=R10-1
Removed Pin From Net: NetName=NetJK2_6 Pin=VD2-2
Removed Pin From Net: NetName=NetJK3_6 Pin=VD3-2
Removed Pin From Net: NetName=NetJK4_6 Pin=VD4-2
Removed Pin From Net: NetName=+5 Pin=VD5-1
Removed Pin From Net: NetName=NetJK2_6 Pin=VT2-3
Removed Pin From Net: NetName=NetJK3_6 Pin=VT3-3
Removed Pin From Net: NetName=NetJK4_6 Pin=VT4-3
Removed Pin From Net: NetName=GNDA Pin=VT5-2
Removed Pin From Net: NetName=Key1 Pin=X3-1
Removed Pin From Net: NetName=Key2 Pin=X3-2
Removed Pin From Net: NetName=Key3 Pin=X3-3
Removed Pin From Net: NetName=Key4 Pin=X3-4
Removed Pin From Net: NetName=+5 Pin=X3-7
Removed Pin From Net: NetName=GNDA Pin=X3-8
Removed Member From Class: ClassName=Art_Imp Member=C6
Removed Member From Class: ClassName=Art_Imp Member=JK5
Removed Member From Class: ClassName=Art_Imp Member=R15
Removed Member From Class: ClassName=Art_Imp Member=VD5
Removed Member From Class: ClassName=Art_Imp Member=VT5
Change Component Footprint: Designator=C5 Old Footprint=CAP: SMD 0805 MD IPC 782 New Footprint=CAP: SMD 1210 MD IPC 782
Change Component Footprint: Designator=R9 Old Footprint=RES: SMD 0603 MD IPC 782 New Footprint=0603
Change Component Comment : Designator=C5 Old Comment=0.1u 50V 0805 ±10% New Comment=47u 16V 1210 ±20%
Change Component Comment : Designator=R9 Old Comment=10k ±1% 0603 New Comment=130R
Change Component Designator: OldDesignator=C1 NewDesignator=C2
Change Component Designator: OldDesignator=C2 NewDesignator=C3
Change Component Designator: OldDesignator=C3 NewDesignator=C4
Change Component Designator: OldDesignator=C4 NewDesignator=C1
Change Component Designator: OldDesignator=JK4 NewDesignator=JK3
Change Component Designator: OldDesignator=JK5 NewDesignator=JK4
Change Component Designator: OldDesignator=R3 NewDesignator=R5
Change Component Designator: OldDesignator=R4 NewDesignator=R6
Change Component Designator: OldDesignator=R5 NewDesignator=R7
Change Component Designator: OldDesignator=R6 NewDesignator=R8
Change Component Designator: OldDesignator=R7 NewDesignator=R3
Change Component Designator: OldDesignator=R8 NewDesignator=R4
Change Component Designator: OldDesignator=R11 NewDesignator=R10
Change Component Designator: OldDesignator=R12 NewDesignator=R11
Change Component Designator: OldDesignator=R13 NewDesignator=R12
Change Component Designator: OldDesignator=R14 NewDesignator=R13
Change Component Designator: OldDesignator=R15 NewDesignator=R14
Change Component Designator: OldDesignator=VD2 NewDesignator=VD3
Change Component Designator: OldDesignator=VD3 NewDesignator=VD4
Change Component Designator: OldDesignator=VD4 NewDesignator=VD2
Change Component Designator: OldDesignator=VT2 NewDesignator=VT3
Change Component Designator: OldDesignator=VT3 NewDesignator=VT4
Change Component Designator: OldDesignator=VT4 NewDesignator=VT2
Change Component Designator: OldDesignator=X4 NewDesignator=X3
Change Component Designator: OldDesignator=X5 NewDesignator=X4
Change component parameters: Designator = "C5" ("C5"); Footprint = "CAP: SMD 0805 MD IPC 782"; UniqueID = "\LSXSZHDI" ("\LSXSZHDI")
Change component parameters (AddParameter): Name = "Code"; Value = "6289734921"; VariantName = "[No Variations]"
Change component parameters (AddParameter): Name = "Name"; Value = "Конденсатор GRM32ER61C476ME15L"; VariantName = "[No Variations]"
Change component parameters: Designator = "R9" ("R9"); Footprint = "RES: SMD 0603 MD IPC 782"; UniqueID = "\IQEBDKVG" ("\IQEBDKVG")
Change component parameters (AddParameter): Name = "ComponentLink1Description"; Value = "Chipdip"; VariantName = "[No Variations]"
Change component parameters (AddParameter): Name = "ComponentLink1URL"; Value = "https://www.chipdip.ru/product/rg1608n-131-w-t1-susumu-8001999350"; VariantName = "[No Variations]"
Change component parameters (AddParameter): Name = "P/N"; Value = "Резистор RG1608N-131-W-T1, Susumu"; VariantName = "[No Variations]"
Added Component: Designator=X5(CON: 4PIN MW-4M)
Add component (AddParameter): Name = "Code"; Value = "6313953215"; VariantName = "[No Variations]"
Add component (AddParameter): Name = "Name"; Value = "Вилка MW-4M"; VariantName = "[No Variations]"
Added Component: Designator=X6(CON: 2pin wf-2)
Add component (AddParameter): Name = "Code"; Value = "6313952902"; VariantName = "[No Variations]"
Add component (AddParameter): Name = "Name"; Value = "Вилка WF-2"; VariantName = "[No Variations]"
Added Pin To Net: NetName=+5 Pin=C1-1
Added Pin To Net: NetName=GNDA Pin=C1-2
Added Pin To Net: NetName=+5 Pin=C5-1
Added Pin To Net: NetName=GNDA Pin=C5-2
Added Pin To Net: NetName=NetJK3_6 Pin=JK3-6
Added Pin To Net: NetName=NetJK4_6 Pin=JK4-6
Added Pin To Net: NetName=GNDA Pin=R9-1
Added Pin To Net: NetName=NetJK1_1 Pin=R9-2
Added Pin To Net: NetName=NetJK1_1 Pin=R12-2
Added Pin To Net: NetName=NetJK2_6 Pin=VD2-2
Added Pin To Net: NetName=NetJK3_6 Pin=VD3-2
Added Pin To Net: NetName=NetJK4_6 Pin=VD4-2
Added Pin To Net: NetName=NetJK2_6 Pin=VT2-3
Added Pin To Net: NetName=NetJK3_6 Pin=VT3-3
Added Pin To Net: NetName=NetJK4_6 Pin=VT4-3
Added Pin To Net: NetName=Key1 Pin=X5-1
Added Pin To Net: NetName=Key2 Pin=X5-2
Added Pin To Net: NetName=Key3 Pin=X5-3
Added Pin To Net: NetName=Key4 Pin=X5-4
Added Pin To Net: NetName=+5 Pin=X6-1
Added Pin To Net: NetName=GNDA Pin=X6-2
Change Net Name : Old Net Name=NetJK4_8 New Net Name=NetJK3_8
Change Net Name : Old Net Name=NetJK4_14 New Net Name=NetJK3_14
Change Net Name : Old Net Name=NetJK5_8 New Net Name=NetJK4_8
Change Net Name : Old Net Name=NetR3_1 New Net Name=NetR5_1
Change Net Name : Old Net Name=NetR5_1 New Net Name=NetR7_1
Change Net Name : Old Net Name=NetR7_1 New Net Name=NetR3_1
Added Member To Class: ClassName=Art_Imp Member=Component X6 WF-2
