Change Component Footprint: Designator=R9 Old Footprint=0603 New Footprint=0805
Change Component Footprint: Designator=R10 Old Footprint=0603 New Footprint=0805
Change Component Footprint: Designator=R11 Old Footprint=0603 New Footprint=0805
Change Component Footprint: Designator=R12 Old Footprint=1206 New Footprint=0805
Change Component Comment : Designator=R12 Old Comment=0R01 New Comment=100R
Change Component Comment : Designator=R11 Old Comment=68R New Comment=100R
Change Component Comment : Designator=R9 Old Comment=130R New Comment=100R
Change Component Comment : Designator=R10 Old Comment=130R New Comment=100R
Change component parameters: Designator = "R9" ("R9"); Footprint = "0603"; UniqueID = "\TSZMAPLL" ("\TSZMAPLL")
Change component parameters (AddParameter): Name = "ComponentLink1Description"; Value = "Chipdip"; VariantName = "[No Variations]"
Change component parameters (AddParameter): Name = "ComponentLink1URL"; Value = "https://www.chipdip.ru/product/rg1608n-131-w-t1-susumu-8001999350"; VariantName = "[No Variations]"
Change component parameters (AddParameter): Name = "P/N"; Value = "Резистор RG2012N-101-W-T1, Susumu"; VariantName = "[No Variations]"
Change component parameters: Designator = "R10" ("R10"); Footprint = "0603"; UniqueID = "\WVIZPRZP" ("\WVIZPRZP")
Change component parameters (AddParameter): Name = "ComponentLink1Description"; Value = "Chipdip"; VariantName = "[No Variations]"
Change component parameters (AddParameter): Name = "ComponentLink1URL"; Value = "https://www.chipdip.ru/product/rg1608n-131-w-t1-susumu-8001999350"; VariantName = "[No Variations]"
Change component parameters (AddParameter): Name = "P/N"; Value = "Резистор RG2012N-101-W-T1, Susumu"; VariantName = "[No Variations]"
Change component parameters: Designator = "R11" ("R11"); Footprint = "0603"; UniqueID = "\TRFGCPMS" ("\TRFGCPMS")
Change component parameters (AddParameter): Name = "ComponentLink1Description"; Value = "Chipdip"; VariantName = "[No Variations]"
Change component parameters (AddParameter): Name = "ComponentLink1URL"; Value = "https://www.chipdip.ru/product/rg1608n-131-w-t1-susumu-8001999350"; VariantName = "[No Variations]"
Change component parameters (AddParameter): Name = "P/N"; Value = "Резистор RG2012N-101-W-T1, Susumu"; VariantName = "[No Variations]"
Change component parameters: Designator = "R12" ("R12"); Footprint = "1206"; UniqueID = "\RWKQUJUO" ("\RWKQUJUO")
Change component parameters (AddParameter): Name = "ComponentLink1Description"; Value = "Chipdip"; VariantName = "[No Variations]"
Change component parameters (AddParameter): Name = "ComponentLink1URL"; Value = "https://www.chipdip.ru/product/rg1608n-131-w-t1-susumu-8001999350"; VariantName = "[No Variations]"
Change component parameters (AddParameter): Name = "P/N"; Value = "Резистор RG2012N-101-W-T1, Susumu"; VariantName = "[No Variations]"
Added Member To Class: ClassName=Art_Imp Member=Component R10 100R
Added Member To Class: ClassName=Art_Imp Member=Component VD4 SM4002-W 1A 100V
Added Rule: Name=Schematic Supply Nets
Added Rule: Name=Schematic Supply Nets_1
