Change Component Designator: Old Designator=C1 New Designator=C2
Change Component Designator: Old Designator=C2 New Designator=C3
Change Component Designator: Old Designator=C3 New Designator=C4
Change Component Designator: Old Designator=C4 New Designator=C1
Change Component Designator: Old Designator=C? New Designator=C5
Change Component Designator: Old Designator=JK2 New Designator=JK3
Change Component Designator: Old Designator=JK3 New Designator=JK4
Change Component Designator: Old Designator=JK4 New Designator=JK2
Change Component Designator: Old Designator=JK4 New Designator=JK3
Change Component Designator: Old Designator=JK5 New Designator=JK4
Change Component Designator: Old Designator=R3 New Designator=R5
Change Component Designator: Old Designator=R4 New Designator=R6
Change Component Designator: Old Designator=R5 New Designator=R7
Change Component Designator: Old Designator=R6 New Designator=R8
Change Component Designator: Old Designator=R7 New Designator=R3
Change Component Designator: Old Designator=R8 New Designator=R4
Change Component Designator: Old Designator=R11 New Designator=R10
Change Component Designator: Old Designator=R12 New Designator=R11
Change Component Designator: Old Designator=R13 New Designator=R12
Change Component Designator: Old Designator=R14 New Designator=R13
Change Component Designator: Old Designator=R15 New Designator=R14
Change Component Designator: Old Designator=R? New Designator=R9
Change Component Designator: Old Designator=VD2 New Designator=VD3
Change Component Designator: Old Designator=VD3 New Designator=VD4
Change Component Designator: Old Designator=VD4 New Designator=VD2
Change Component Designator: Old Designator=VT2 New Designator=VT3
Change Component Designator: Old Designator=VT3 New Designator=VT4
Change Component Designator: Old Designator=VT4 New Designator=VT2
Change Component Designator: Old Designator=X4 New Designator=X3
Change Component Designator: Old Designator=X5 New Designator=X4
Change Component Designator: Old Designator=X? New Designator=X5
Change Component Designator: Old Designator=X? New Designator=X6
